---
source: crates/probl-syntax/tests/parser.rs
expression: "parse_errors(\"if a < b < c { }\")"
---
Error: comparisons can't be chained: `<` after `<`
   ╭─[ test.probl:1:10 ]
   │
 1 │ if a < b < c { }
   │          ┬  
   │          ╰── here
   │ 
   │ Help: add parentheses, or combine the tests with `and`
───╯
