---
source: crates/probl-sema/tests/lower.rs
expression: "errors(\"let deck = bag([1: 2])\\nlet c = deck.take()\")"
---
Error: can't take an item from `deck`: it was declared with `let`
   ╭─[ test.probl:2:9 ]
   │
 2 │ let c = deck.take()
   │         ──┬─  
   │           ╰─── here
   │ 
   │ Help: declare it with `var` to be able to change it
───╯
