---
source: crates/probl-sema/tests/lower.rs
expression: "errors(\"let a ~ d6\\nreport a\\nobserve a > 2\")"
---
Error: this `observe` can run after a `report`
   ╭─[ test.probl:3:1 ]
   │
 3 │ observe a > 2
   │ ──────┬──────  
   │       ╰──────── runs after the report on line 2
   │ 
   │ Help: move the observations before the report, or the report after them
   │ 
   │ Note: a report describes the evidence observed before it, so later observations would change its meaning
───╯
